base referer
rect $SAXException_8hpp.html 156,56 292,80
rect $XMLException_8hpp.html 154,464 293,488
rect $SAXParseException_8hpp.html 386,8 557,32
rect $XMLReaderFactory_8hpp.html 388,56 556,80
rect $ArrayIndexOutOfBoundsException_8hpp.html 342,104 601,128
rect $EmptyStackException_8hpp.html 380,152 564,176
rect $IllegalArgumentException_8hpp.html 369,200 574,224
rect $InvalidCastException_8hpp.html 382,248 561,272
rect $IOException_8hpp.html 410,296 533,320
rect $NoSuchElementException_8hpp.html 368,344 576,368
rect $NullPointerException_8hpp.html 384,392 560,416
rect $NumberFormatException_8hpp.html 372,440 572,464
rect $ParseException_8hpp.html 400,488 544,512
rect $PlatformUtils_8hpp.html 408,536 536,560
rect $RuntimeException_8hpp.html 392,584 552,608
rect $SchemaDateTimeException_8hpp.html 362,632 581,656
rect $TranscodingException_8hpp.html 380,680 564,704
rect $UnexpectedEOFException_8hpp.html 366,728 577,752
rect $UnsupportedEncodingException_8hpp.html 349,776 594,800
rect $UTFDataFormatException_8hpp.html 368,824 576,848
rect $XMLNetAccessor_8hpp.html 394,872 549,896
