base referer
rect $XMLErrorCodes_8hpp.html 231,8 378,32
rect $XMLValidityCodes_8hpp.html 225,56 385,80
rect $AbstractDOMParser_8hpp.html 219,104 390,128
rect $SAXParser_8hpp.html 247,152 362,176
rect $XMLDOMMsg_8hpp.html 238,200 371,224
rect $XMLException_8hpp.html 235,512 374,536
rect $XMLValidator_8hpp.html 505,56 635,80
rect $XercesDOMParser_8hpp.html 489,104 651,128
rect $ArrayIndexOutOfBoundsException_8hpp.html 441,152 699,176
rect $EmptyStackException_8hpp.html 478,200 662,224
rect $IllegalArgumentException_8hpp.html 467,248 673,272
rect $InvalidCastException_8hpp.html 481,296 659,320
rect $IOException_8hpp.html 509,344 631,368
rect $NoSuchElementException_8hpp.html 466,392 674,416
rect $NullPointerException_8hpp.html 482,440 658,464
rect $NumberFormatException_8hpp.html 470,488 670,512
rect $ParseException_8hpp.html 498,536 642,560
rect $PlatformUtils_8hpp.html 506,584 634,608
rect $RuntimeException_8hpp.html 490,632 650,656
rect $SchemaDateTimeException_8hpp.html 461,680 679,704
rect $TranscodingException_8hpp.html 478,728 662,752
rect $UnexpectedEOFException_8hpp.html 465,776 675,800
rect $UnsupportedEncodingException_8hpp.html 447,824 693,848
rect $UTFDataFormatException_8hpp.html 466,872 674,896
rect $XMLNetAccessor_8hpp.html 493,920 647,944
